\BOOKMARK [1][-]{section*.1}{ABSTRACT}{section*.2}% 1
\BOOKMARK [1][-]{section.1}{Introduction}{}% 2
\BOOKMARK [1][-]{section.2}{Observations \046 Analysis}{}% 3
\BOOKMARK [1][-]{section.3}{Discussion and Conclusions}{}% 4
